2026/05/14 14:57:28 CORS allowed origins: [http://localhost:3000]
2026/05/14 14:57:28 MyKanban server starting on port 8080
2026/05/14 14:58:15 Shutting down server...
2026/05/14 14:58:15 Server exited gracefully
2026/05/14 14:58:45 CORS allowed origins: [http://localhost:3000]
2026/05/14 14:58:45 MyKanban server starting on port 8080
2026/05/14 15:02:48 Shutting down server...
2026/05/14 15:02:48 Server exited gracefully
2026/05/14 15:02:54 CORS allowed origins: [http://localhost:3000]
2026/05/14 15:02:54 MyKanban server starting on port 8080
2026/05/14 15:06:39 Shutting down server...
2026/05/14 15:06:39 Server exited gracefully
2026/05/14 15:06:44 CORS allowed origins: [http://localhost:3000]
2026/05/14 15:06:44 MyKanban server starting on port 8080
2026/05/14 18:28:42 Shutting down server...
2026/05/14 18:28:42 Server exited gracefully
2026/05/14 18:40:58 CORS allowed origins: [http://localhost:3000]
2026/05/14 18:40:58 MyKanban server starting on port 8080
2026/05/14 21:35:59 Shutting down server...
2026/05/14 21:35:59 Server exited gracefully
2026/05/28 03:57:34 CORS allowed origins: [http://localhost:3000 http://localhost:3001]
2026/05/28 03:57:34 MyKanban server starting on port 8080
2026/05/28 04:01:18 Shutting down server...
2026/05/28 04:01:18 Server exited gracefully
