[GIN-debug] [WARNING] Running in "debug" mode. Switch to "release" mode in production.
 - using env:	export GIN_MODE=release
 - using code:	gin.SetMode(gin.ReleaseMode)

[GIN-debug] GET    /swagger/*any             --> github.com/swaggo/gin-swagger.CustomWrapHandler.func1 (4 handlers)
[GIN-debug] GET    /api/health               --> chitta/handlers.Health (4 handlers)
[GIN-debug] GET    /health                   --> chitta/handlers.Health (4 handlers)
[GIN-debug] POST   /api/v1/auth/login        --> chitta/handlers.(*Handler).Login-fm (4 handlers)
[GIN-debug] GET    /api/v1/auth/google/login --> chitta/handlers.(*Handler).GoogleLogin-fm (4 handlers)
[GIN-debug] GET    /api/v1/auth/google/callback --> chitta/handlers.(*Handler).GoogleCallback-fm (4 handlers)
[GIN-debug] GET    /api/v1/auth/google/mock-consent --> chitta/handlers.(*Handler).MockConsent-fm (4 handlers)
[GIN-debug] POST   /api/v1/auth/change-password --> chitta/handlers.(*Handler).ChangePassword-fm (5 handlers)
[GIN-debug] POST   /api/v1/projects          --> chitta/handlers.(*Handler).CreateProject-fm (5 handlers)
[GIN-debug] GET    /api/v1/projects          --> chitta/handlers.(*Handler).ListProjects-fm (5 handlers)
[GIN-debug] GET    /api/v1/projects/:id      --> chitta/handlers.(*Handler).GetProject-fm (5 handlers)
[GIN-debug] PUT    /api/v1/projects/:id      --> chitta/handlers.(*Handler).UpdateProject-fm (5 handlers)
[GIN-debug] DELETE /api/v1/projects/:id      --> chitta/handlers.(*Handler).DeleteProject-fm (5 handlers)
[GIN-debug] POST   /api/v1/boards            --> chitta/handlers.(*Handler).CreateBoard-fm (5 handlers)
[GIN-debug] GET    /api/v1/boards            --> chitta/handlers.(*Handler).ListBoards-fm (5 handlers)
[GIN-debug] GET    /api/v1/boards/:id        --> chitta/handlers.(*Handler).GetBoard-fm (5 handlers)
[GIN-debug] PUT    /api/v1/boards/:id        --> chitta/handlers.(*Handler).UpdateBoard-fm (5 handlers)
[GIN-debug] DELETE /api/v1/boards/:id        --> chitta/handlers.(*Handler).DeleteBoard-fm (5 handlers)
[GIN-debug] POST   /api/v1/tasks             --> chitta/handlers.(*Handler).CreateTask-fm (5 handlers)
[GIN-debug] GET    /api/v1/tasks             --> chitta/handlers.(*Handler).ListTasks-fm (5 handlers)
[GIN-debug] GET    /api/v1/tasks/:id         --> chitta/handlers.(*Handler).GetTask-fm (5 handlers)
[GIN-debug] PUT    /api/v1/tasks/:id         --> chitta/handlers.(*Handler).UpdateTask-fm (5 handlers)
[GIN-debug] PATCH  /api/v1/tasks/:id         --> chitta/handlers.(*Handler).PatchTask-fm (5 handlers)
[GIN-debug] DELETE /api/v1/tasks/:id         --> chitta/handlers.(*Handler).DeleteTask-fm (5 handlers)
[GIN-debug] POST   /api/v1/schedulers        --> chitta/handlers.(*Handler).CreateScheduler-fm (5 handlers)
[GIN-debug] GET    /api/v1/schedulers        --> chitta/handlers.(*Handler).ListSchedulers-fm (5 handlers)
[GIN-debug] GET    /api/v1/schedulers/:id    --> chitta/handlers.(*Handler).GetScheduler-fm (5 handlers)
[GIN-debug] PUT    /api/v1/schedulers/:id    --> chitta/handlers.(*Handler).UpdateScheduler-fm (5 handlers)
[GIN-debug] DELETE /api/v1/schedulers/:id    --> chitta/handlers.(*Handler).DeleteScheduler-fm (5 handlers)
[GIN-debug] POST   /api/v1/resources         --> chitta/handlers.(*Handler).CreateResource-fm (5 handlers)
[GIN-debug] GET    /api/v1/resources         --> chitta/handlers.(*Handler).ListResources-fm (5 handlers)
[GIN-debug] GET    /api/v1/resources/:id     --> chitta/handlers.(*Handler).GetResource-fm (5 handlers)
[GIN-debug] PUT    /api/v1/resources/:id     --> chitta/handlers.(*Handler).UpdateResource-fm (5 handlers)
[GIN-debug] DELETE /api/v1/resources/:id     --> chitta/handlers.(*Handler).DeleteResource-fm (5 handlers)
Starting MyKanban task scheduler background worker...
MyKanban server starting on port 8080
[GIN] 2026/05/31 - 20:41:34 | 200 | 125.376µs |             ::1 | GET      "/health"
[GIN] 2026/05/31 - 20:41:38 | 200 | 72.586µs |             ::1 | GET      "/health"
[GIN] 2026/05/31 - 20:41:38 | 200 | 165.572µs |             ::1 | GET      "/swagger/index.html"
[GIN] 2026/05/31 - 20:41:38 | 200 | 145.805µs |             ::1 | GET      "/swagger/doc.json"
[GIN] 2026/05/31 - 20:41:45 | 307 | 102.122µs |             ::1 | GET      "/api/v1/auth/google/login"
[GIN] 2026/05/31 - 20:41:45 | 200 |  8.516µs |             ::1 | GET      "/api/v1/auth/google/mock-consent"
[GIN] 2026/05/31 - 20:41:45 | 404 |  1.303µs |             ::1 | GET      "/favicon.ico"
[GIN] 2026/05/31 - 20:41:46 | 307 | 189.887µs |             ::1 | GET      "/api/v1/auth/google/callback?code=mock-code-123"
[GIN] 2026/05/31 - 20:41:47 | 204 | 32.261µs |             ::1 | OPTIONS  "/api/v1/projects"
[GIN] 2026/05/31 - 20:41:47 | 204 | 31.499µs |             ::1 | OPTIONS  "/api/v1/schedulers"
[GIN] 2026/05/31 - 20:41:47 | 200 |   1.15ms |             ::1 | GET      "/api/v1/projects"
[GIN] 2026/05/31 - 20:41:47 | 204 | 20.468µs |             ::1 | OPTIONS  "/api/v1/boards"
[GIN] 2026/05/31 - 20:41:47 | 204 |  6.753µs |             ::1 | OPTIONS  "/api/v1/tasks"
[GIN] 2026/05/31 - 20:41:47 | 204 |  8.155µs |             ::1 | OPTIONS  "/api/v1/resources"
[GIN] 2026/05/31 - 20:41:47 | 200 | 144.963µs |             ::1 | GET      "/api/v1/schedulers"
[GIN] 2026/05/31 - 20:41:47 | 200 | 61.646µs |             ::1 | GET      "/api/v1/tasks"
[GIN] 2026/05/31 - 20:41:47 | 200 | 136.326µs |             ::1 | GET      "/api/v1/boards"
[GIN] 2026/05/31 - 20:41:47 | 204 |  15.55µs |             ::1 | OPTIONS  "/api/v1/boards"
[GIN] 2026/05/31 - 20:41:47 | 204 | 36.508µs |             ::1 | OPTIONS  "/api/v1/resources"
[GIN] 2026/05/31 - 20:41:47 | 204 | 11.181µs |             ::1 | OPTIONS  "/api/v1/tasks"
[GIN] 2026/05/31 - 20:41:47 | 200 | 149.341µs |             ::1 | GET      "/api/v1/resources"
[GIN] 2026/05/31 - 20:41:47 | 200 | 212.349µs |             ::1 | GET      "/api/v1/projects"
[GIN] 2026/05/31 - 20:41:47 | 200 | 50.606µs |             ::1 | GET      "/api/v1/schedulers"
[GIN] 2026/05/31 - 20:41:47 | 200 | 101.531µs |             ::1 | GET      "/api/v1/boards"
[GIN] 2026/05/31 - 20:41:47 | 200 | 112.501µs |             ::1 | GET      "/api/v1/tasks"
[GIN] 2026/05/31 - 20:41:47 | 200 | 99.748µs |             ::1 | GET      "/api/v1/resources"
