 ⚠ Port 3000 is in use, trying 3001 instead.
  ▲ Next.js 14.2.35
  - Local:        http://loc ○ Compiling / ...
 ✓ Compiled / in 10.8s (50 ⚠ Found a change in next.config.mjs. Restarting the server to apply the changes...
 ⚠ Port 3000 is in use, trying 3001 instead.
 ⚠ Specified "rewrites" will not automatically work with "output: export". See more info here: https://nextjs.org/docs/messages/export-no-custom-routes
  ▲ Next.js 14.2.35
  - Local:        http://localhost:3001

 ✓ Starting...
 ⚠ Specified "rewrites" will not automatically work with "output: export". See more info here: https://nextjs.org/docs/messages/export-no-custom-routes
 ⚠ Specified "rewrites" will not automatically work with "output: export". See more info here: https://nextjs.org/docs/messages/export-no-custom-routes
 ✓ Ready in 5.8s
<w> [webpack.cache.PackFileCacheStrategy] Caching failed for pack: Error: ENOENT: no such file or directory, rename '/home/ubuntu/code/github/raviautopilot/mycan/frontend/.next/cache/webpack/client-development/0.pack.gz_' -> '/home/ubuntu/code/github/raviautopilot/mycan/frontend/.next/cache/webpack/client-development/0.pack.gz'
 ⚠ Found a change in next.config.mjs. Restarting the server to apply the changes...
 ⚠ Port 3000 is in use, trying 3001 instead.
  ▲ Next.js 14.2.35
  - Local:        http://localhost:3001

 ✓ Starting...
 ✓ Ready in 5.5s
<w ⚠ Found a change in next.config.mjs. Restarting the server to apply the changes...
  ▲ Next.js 14.2.35
  - Local:        http://localhost:3000

 ✓ Starting...
 ✓ Ready in 3.6s
 ○ Compiling /_not-found ...
 ✓ Compiled /_not-found in 19.8s (434 modules)
 GET / 404 in 20685ms
he/webpack/client-development/0.pack.gz'
 ⚠ Found a change in next.config.mjs. Restarting the server to apply the changes...
 ⚠ Port 3000 is in use, trying 3001 instead.
  ▲ Next.js 14.2.35
  - Local:        http://localhost:3001

 ✓ Starting...
 ✓ Ready in 3.8s
